[sutrixgroup.com/index.html]
[backblue.gif]
[fade.gif]
[index.html]
[sutrixgroup.com/wp-content/plugins/sitepress-multilingual-cms/res/css/language-selectorb16a.css]
[sutrixgroup.com/wp-content/plugins/wpml-cms-nav/res/css/navigation0a9c.css]
[sutrixgroup.com/feed/index.html]
[sutrixgroup.com/wp-content/plugins/wpml-cms-nav/res/css/cms-navigation-base0a9c.css]
[sutrixgroup.com/comments/feed/index.html]
[sutrixgroup.com/wp-content/plugins/wpml-cms-nav/res/css/cms-navigation0a9c.css]
[sutrixgroup.com/wp-content/themes/sutrix_group/styleeb11.css]
[sutrixgroup.com/xmlrpc0db0.php]
[sutrixgroup.com/wp-json/index.html]
[sutrixgroup.com/wp-includes/wlwmanifest.xml]
[stg.sutrixgroup.com/wp-content/uploads/2016/01/favicon-16x16.png]
[sutrixgroup.com/ja/index.html]
[sutrixgroup.com/fr/index.html]
[sutrixgroup.com/wp-content/themes/sutrix_group/css/libs.css]
[sutrixgroup.com/wp-content/themes/sutrix_group/css/style.css]
[sutrixgroup.com/wp-content/themes/sutrix_group/css/print.css]
[sutrixgroup.com/wp-content/uploads/2016/01/logo.png]
[sutrixgroup.com/consulting.html]
[sutrixgroup.com/solutions.html]
[sutrixgroup.com/wp-content/uploads/2016/01/slider-1.jpg]
[sutrixgroup.com/wp-content/uploads/2016/01/slider-2.jpg]
[sutrixgroup.com/wp-content/uploads/2016/01/slider-4.jpg]
[sutrixgroup.com/wp-content/uploads/2016/01/slider-3.jpg]
[sutrixgroup.com/wp-content/uploads/2016/01/img-map.png]
[sutrixgroup.com/wp-content/uploads/2016/01/photo_partner_01.png]
[sutrixgroup.com/wp-content/uploads/2016/01/photo_partner_03.png]
[sutrixgroup.com/wp-content/uploads/2016/01/photo_partner_02.png]
[sutrixgroup.com/wp-content/uploads/2016/01/photo_partner_04.png]
[sutrixgroup.com/wp-content/uploads/2016/01/photo_partner_05.png]
[sutrixgroup.com/wp-content/uploads/2016/01/photo_partner_06.png]
[sutrixgroup.com/wp-content/uploads/2016/01/photo_partner_13.png]
[sutrixgroup.com/wp-content/uploads/2016/01/photo_partner_14.png]
[sutrixgroup.com/wp-content/uploads/2016/01/photo_partner_15.png]
[sutrixgroup.com/wp-content/uploads/2016/01/photo_partner_16.png]
[sutrixgroup.com/wp-content/uploads/2016/01/photo_partner_11.png]
[sutrixgroup.com/wp-content/uploads/2016/01/photo_partner_12.png]
[sutrixgroup.com/wp-content/uploads/2016/01/photo_partner_09.png]
[sutrixgroup.com/wp-content/uploads/2016/01/photo_partner_10.png]
[sutrixgroup.com/wp-content/uploads/2016/01/photo_partner_08.png]
[sutrixgroup.com/wp-content/uploads/2016/01/photo_partner_07.png]
[sutrixgroup.com/wp-content/uploads/2016/01/photo_technology_1.png]
[sutrixgroup.com/wp-content/uploads/2016/01/photo_technology_2.png]
[sutrixgroup.com/wp-content/uploads/2016/01/photo_technology_3.png]
[sutrixgroup.com/wp-content/uploads/2016/01/photo_technology_4.png]
[sutrixgroup.com/wp-content/uploads/2016/01/photo_technology_5.png]
[sutrixgroup.com/wp-content/uploads/2015/12/demandware-logo-1.png]
[sutrixgroup.com/wp-content/uploads/2016/01/photo_technology8.png]
[sutrixgroup.com/wp-content/uploads/2016/01/photo_technology35.png]
[sutrixgroup.com/wp-content/uploads/2016/01/photo_technology34.png]
[sutrixgroup.com/wp-content/uploads/2016/01/photo_technology36.png]
[sutrixgroup.com/wp-content/uploads/2016/01/photo_technology37.png]
[sutrixgroup.com/wp-content/uploads/2016/01/photo_technology39.png]
[sutrixgroup.com/wp-content/uploads/2016/01/photo_technology38.png]
[sutrixgroup.com/wp-content/uploads/2016/01/photo_technology40.png]
[sutrixgroup.com/wp-content/uploads/2016/01/photo_technology41.png]
[sutrixgroup.com/wp-content/uploads/2016/01/photo_technology42.png]
[sutrixgroup.com/wp-content/uploads/2016/01/photo_technology43.png]
[sutrixgroup.com/wp-content/uploads/2016/01/photo_technology45.png]
[sutrixgroup.com/wp-content/uploads/2016/01/photo_technology53.png]
[sutrixgroup.com/wp-content/uploads/2016/01/photo_technology21.png]
[sutrixgroup.com/wp-content/uploads/2016/01/photo_technology49.png]
[sutrixgroup.com/wp-content/uploads/2016/01/photo_technology50.png]
[sutrixgroup.com/wp-content/uploads/2016/01/photo_technology51.png]
[sutrixgroup.com/wp-content/uploads/2016/01/photo_technology52.png]
[sutrixgroup.com/wp-content/uploads/2016/01/photo_technology20.png]
[sutrixgroup.com/wp-content/uploads/2016/01/photo_technology10.png]
[sutrixgroup.com/wp-content/uploads/2016/01/photo_technology17.png]
[sutrixgroup.com/wp-content/uploads/2016/01/photo_technology27.png]
[sutrixgroup.com/wp-content/uploads/2016/01/photo_technology28.png]
[sutrixgroup.com/wp-content/uploads/2016/01/photo_technology29.png]
[sutrixgroup.com/wp-content/uploads/2016/01/photo_technology33.png]
[sutrixgroup.com/wp-content/uploads/2016/01/photo_technology15.png]
[sutrixgroup.com/wp-content/uploads/2016/01/photo_technology26.png]
[sutrixgroup.com/wp-content/uploads/2016/01/photo_technology30.png]
[sutrixgroup.com/wp-content/uploads/2016/01/photo_technology31.png]
[sutrixgroup.com/wp-content/uploads/2016/01/photo_technology32.png]
[sutrixgroup.com/wp-content/uploads/2016/01/photo_technology54.jpg]
[sutrixgroup.com/wp-content/uploads/2016/01/photo_technology6.png]
[sutrixgroup.com/wp-content/uploads/2016/01/photo_technology22.png]
[sutrixgroup.com/wp-content/uploads/2016/01/photo_technology55.png]
[sutrixgroup.com/wp-content/uploads/2016/01/photo_technology16.png]
[sutrixgroup.com/wp-content/uploads/2016/01/photo_technology9.png]
[sutrixgroup.com/wp-content/uploads/2016/01/photo_technology57.png]
[sutrixgroup.com/wp-content/uploads/2016/01/photo_technology13.png]
[sutrixgroup.com/wp-content/uploads/2016/01/photo_technology62.png]
[sutrixgroup.com/wp-content/uploads/2016/01/photo_technology59.png]
[sutrixgroup.com/wp-content/uploads/2016/01/photo_technology60.png]
[sutrixgroup.com/wp-content/uploads/2016/01/photo_technology61.png]
[sutrixgroup.com/wp-content/uploads/2016/01/photo_technology63.png]
[sutrixgroup.com/wp-content/uploads/2016/01/photo_technology64.png]
[sutrixgroup.com/wp-content/uploads/2016/01/photo_technology65.png]
[sutrixgroup.com/wp-content/uploads/2016/01/photo_technology66.png]
[sutrixgroup.com/wp-content/uploads/2016/01/photo_technology67.png]
[sutrixgroup.com/wp-content/uploads/2016/01/photo_technology68.png]
[sutrixgroup.com/wp-content/uploads/2016/01/David.png]
[sutrixgroup.com/wp-content/uploads/2016/01/QuanTran.png]
[sutrixgroup.com/wp-content/uploads/2016/01/Chris.png]
[sutrixgroup.com/wp-content/uploads/2016/01/Khang.png]
[sutrixgroup.com/wp-content/uploads/2016/01/phuong.png]
[sutrixgroup.com/wp-content/uploads/2016/01/img-offices.png]
[sutrixgroup.com/wp-content/themes/sutrix_group/images/img-pin-yellow.png]
[sutrixgroup.com/wp-content/themes/sutrix_group/images/img-pin-green.png]
[sutrixgroup.com/wp-content/themes/sutrix_group/images/img-pin-orange.png]
[sutrixgroup.com/wp-content/plugins/really-simple-captcha/tmp/265811280.png]
[sutrixgroup.com/wp-includes/js/wp-embed.mineb11.js]
[sutrixgroup.com/index.html]
[sutrixgroup.com/wp-json/oembed/1.0/embedf717.json]
[sutrixgroup.com/wp-json/oembed/1.0/embed10ac]
[sutrixgroup.com/wp-content/plugins/sitepress-multilingual-cms/res/js/sitepresseb11.js]
[sutrixgroup.com/fr/feed/index.html]
[sutrixgroup.com/fr/comments/feed/index.html]
[sutrixgroup.com/fr/wp-json/index.html]
[sutrixgroup.com/fr/consulting.html]
[sutrixgroup.com/fr/solutions.html]
[sutrixgroup.com/wp-content/uploads/2016/01/photo_technology58.png]
[sutrixgroup.com/fr/index.html]
[sutrixgroup.com/wp-content/plugins/really-simple-captcha/tmp/1179348316.png]
[sutrixgroup.com/ja/feed/index.html]
[sutrixgroup.com/ja/comments/feed/index.html]
[sutrixgroup.com/wp-content/themes/sutrix_group/css/lang-jp.css]
[sutrixgroup.com/wp-content/themes/sutrix_group/js/script.js]
[sutrixgroup.com/ja/wp-json/index.html]
[sutrixgroup.com/ja/consulting.html]
[sutrixgroup.com/ja/solutions.html]
[sutrixgroup.com/ja/index.html]
[sutrixgroup.com/wp-content/plugins/really-simple-captcha/tmp/580531784.png]
[gmpg.org/xfn/11.html]
[sutrixgroup.com/xmlrpc.php]
[sutrixgroup.com/wp-json/oembed/1.0/embedd68a.json]
[sutrixgroup.com/wp-json/oembed/1.0/embed6630]
[sutrixgroup.com/wp-content/uploads/2016/01/Sutrix_Consulting.png]
[sutrixgroup.com/wp-content/uploads/2016/01/degital-strategy.png]
[sutrixgroup.com/wp-content/uploads/2016/01/degital-design.png]
[sutrixgroup.com/wp-content/uploads/2016/01/2-French.png]
[sutrixgroup.com/wp-content/uploads/2016/01/3-Menu-card.png]
[sutrixgroup.com/wp-content/uploads/2016/01/photo_technology11.png]
[sutrixgroup.com/wp-content/themes/sutrix_group/images/ajax_loader.gif]
[sutrixgroup.com/consulting.html]
[sutrixgroup.com/wp-content/plugins/really-simple-captcha/tmp/160397361.png]
[sutrixgroup.com/wp-json/oembed/1.0/embed9dca.json]
[sutrixgroup.com/wp-json/oembed/1.0/embed5a5a]
[sutrixgroup.com/wp-content/uploads/2016/01/Sutrix_Solutions.png]
[sutrixgroup.com/wp-content/uploads/2016/01/web-mobile.png]
[sutrixgroup.com/wp-content/uploads/2016/01/testing.png]
[sutrixgroup.com/wp-content/uploads/2016/01/support.png]
[sutrixgroup.com/wp-content/uploads/2016/01/1-autofrench.png]
[sutrixgroup.com/wp-content/uploads/2016/01/2-cabletv.png]
[sutrixgroup.com/wp-content/uploads/2016/01/1-donut-e-commerce.png]
[sutrixgroup.com/wp-content/uploads/2016/01/2-airline-website.png]
[sutrixgroup.com/wp-content/uploads/2016/01/4-car-app.png]
[sutrixgroup.com/wp-content/uploads/2016/01/5-Glaxo.png]
[sutrixgroup.com/wp-content/uploads/2016/01/photo_team_01.jpg]
[sutrixgroup.com/wp-content/uploads/2016/01/photo_team_05.jpg]
[sutrixgroup.com/wp-content/uploads/2016/01/photo_team_02.jpg]
[sutrixgroup.com/wp-content/uploads/2016/01/photo_team_06.jpg]
[sutrixgroup.com/wp-content/uploads/2016/01/photo_team_03.jpg]
[sutrixgroup.com/wp-content/uploads/2016/01/photo_team_04.jpg]
[sutrixgroup.com/wp-content/plugins/really-simple-captcha/tmp/440287460.png]
[sutrixgroup.com/solutions.html]
[sutrixgroup.com/fr/wp-json/oembed/1.0/embed2282.json]
[sutrixgroup.com/fr/wp-json/oembed/1.0/embed307d]
[sutrixgroup.com/fr/wp-json/oembed/1.0/embedfeb7.json]
[sutrixgroup.com/fr/wp-json/oembed/1.0/embedee71]
[sutrixgroup.com/fr/consulting.html]
[sutrixgroup.com/wp-content/plugins/really-simple-captcha/tmp/801488359.png]
[sutrixgroup.com/fr/wp-json/oembed/1.0/embedb5eb.json]
[sutrixgroup.com/fr/wp-json/oembed/1.0/embed08e9]
[sutrixgroup.com/fr/solutions.html]
[sutrixgroup.com/ja/wp-json/oembed/1.0/embede4b5.json]
[sutrixgroup.com/ja/wp-json/oembed/1.0/embed4f25]
[sutrixgroup.com/wp-content/plugins/really-simple-captcha/tmp/27715974.png]
[sutrixgroup.com/ja/wp-json/oembed/1.0/embed668d.json]
[sutrixgroup.com/ja/wp-json/oembed/1.0/embed437c]
[sutrixgroup.com/ja/consulting.html]
[sutrixgroup.com/wp-content/plugins/really-simple-captcha/tmp/820832727.png]
[sutrixgroup.com/ja/wp-json/oembed/1.0/embedcd20.json]
[sutrixgroup.com/ja/wp-json/oembed/1.0/embed8572]
[sutrixgroup.com/ja/solutions.html]
[sutrixgroup.com/wp-content/plugins/really-simple-captcha/tmp/765021711.png]
[gmpg.org/xfn/.html]
[gmpg.org/xfn/pix/intro/five-met.gif]
[gmpg.org/xfn/pix/intro/five-acqfr.gif]
[gmpg.org/xfn/pix/intro/five-prof.gif]
[gmpg.org/xfn/intro.html]
[gmpg.org/xfn/faq.html]
[gmpg.org/xfn/thanks.html]
[sutrixgroup.com/index2cf9.html]
[sutrixgroup.com/index88b9.html]
[sutrixgroup.com/fr/index261b.html]
[sutrixgroup.com/fr/index78d6.html]
[sutrixgroup.com/ja/indexbbbf.html]
[sutrixgroup.com/ja/indexf45e.html]
[gmpg.org/xfn/pix/intro/five-lovefam.gif]
[gmpg.org/xfn/join.html]
[gmpg.org/xfn/background.html]
[gmpg.org/xfn/xfn-btn.gif]
[gmpg.org/xfn/tools.html]
[gmpg.org/xfn/pix/mememememe.png]
[gmpg.org/xfn/and/index.html]
[gmpg.org/xfn/helping.html]
[gmpg.org/xfn/feedback.html]
[gmpg.org/xfn/creator.html]
[junk.metafilter.com/xfn.c1.delayed]
[www.metafilter.com/xfn.c2.delayed]
[gmpg.org/xfn/more.html]
[gmpg.org/xfn/press.html]
[gmpg.org/xfn/index.html]
[gmpg.org/xfn/creator-fr.html]
[gmpg.org/xfn/creator-it.html]
[gmpg.org/xfn/creator-es.html]
[gmpg.org/xfn/creator-nl.html]
[gmpg.org/xfn/creator-cs.html]
[gmpg.org/xfn/creator-ja.html]
[gmpg.org/xfn/and/foaf.html]
[gmpg.org/xfn/and/index-2.html]
[gmpg.org/xfn/1.html]
[gmpg.org/xfn/xfn-mini.gif]
[sutrixgroup.com/wp-content/plugins/sitepress-multilingual-cms/res/img/nav-arrow-down.png]
[sutrixgroup.com/wp-content/plugins/sitepress-multilingual-cms/res/css/language-selectorb16a.css]
[sutrixgroup.com/wp-json/index.html]
[sutrixgroup.com/feed/index.html]
[sutrixgroup.com/wp-content/plugins/wpml-cms-nav/res/css/navigation0a9c.css]
[sutrixgroup.com/wp-content/plugins/wpml-cms-nav/res/css/cms-navigation-base0a9c.css]
[sutrixgroup.com/comments/feed/index.html]
[sutrixgroup.com/wp-content/plugins/wpml-cms-nav/res/img/cms-nav-dark-s.gif]
[sutrixgroup.com/wp-content/plugins/wpml-cms-nav/res/css/cms-navigation0a9c.css]
[sutrixgroup.com/wp-content/themes/sutrix_group/styleeb11.css]
[sutrixgroup.com/wp-json/oembed/1.0/embedf717.json]
[sutrixgroup.com/wp-content/themes/sutrix_group/css/libs.css]
[sutrixgroup.com/wp-content/themes/sutrix_group/fonts/RalewayBold.woff]
[sutrixgroup.com/wp-content/themes/sutrix_group/fonts/RalewayMedium.woff]
[sutrixgroup.com/wp-content/themes/sutrix_group/fonts/RalewayRegular.woff]
[sutrixgroup.com/wp-content/themes/sutrix_group/fonts/RalewaySemiBold.woff]
[sutrixgroup.com/wp-content/themes/sutrix_group/images/icon-download.png]
[sutrixgroup.com/wp-content/themes/sutrix_group/images/icon-question.png]
[sutrixgroup.com/wp-content/themes/sutrix_group/images/icon-fb.png]
[sutrixgroup.com/wp-content/themes/sutrix_group/images/icon-fb-dark.png]
[sutrixgroup.com/wp-content/themes/sutrix_group/images/icon-twitter.png]
[sutrixgroup.com/wp-content/themes/sutrix_group/images/icon-twitter-dark.png]
[sutrixgroup.com/wp-content/themes/sutrix_group/images/icon-twitter-bird.png]
[sutrixgroup.com/wp-content/themes/sutrix_group/images/icon-arrow.png]
[sutrixgroup.com/wp-content/themes/sutrix_group/images/icon-arrow-next.png]
[sutrixgroup.com/wp-content/themes/sutrix_group/images/icon-arrow-prev.png]
[sutrixgroup.com/wp-content/themes/sutrix_group/images/icon-arrow-down.png]
[sutrixgroup.com/wp-content/themes/sutrix_group/images/icon-linkedin.png]
[sutrixgroup.com/wp-content/themes/sutrix_group/images/icon-linkedin-dark.png]
[sutrixgroup.com/wp-content/themes/sutrix_group/images/icon-arrow-cirle.png]
[sutrixgroup.com/wp-content/themes/sutrix_group/images/icon-top-yellow.png]
[sutrixgroup.com/wp-content/themes/sutrix_group/images/icon-top-green.png]
[sutrixgroup.com/wp-content/themes/sutrix_group/images/icon-top-orange.png]
[sutrixgroup.com/wp-content/themes/sutrix_group/images/bgd-shadow.png]
[sutrixgroup.com/wp-content/themes/sutrix_group/images/bgd-talk-to-us.png]
[sutrixgroup.com/wp-content/themes/sutrix_group/images/icon-question-a.png]
[sutrixgroup.com/wp-content/themes/sutrix_group/images/img-about-bgd.png]
[sutrixgroup.com/wp-content/themes/sutrix_group/images/icon-approved.jpg]
[sutrixgroup.com/wp-content/themes/sutrix_group/images/services/icon-line1.png]
[sutrixgroup.com/wp-content/themes/sutrix_group/images/services/icon-line2.png]
[sutrixgroup.com/wp-content/themes/sutrix_group/images/services/icon-line3.png]
[sutrixgroup.com/wp-content/themes/sutrix_group/images/services/icon-line4.png]
[sutrixgroup.com/wp-content/themes/sutrix_group/images/services/wi-icon-services.png]
[sutrixgroup.com/wp-content/themes/sutrix_group/images/icon-consulting2.png]
[sutrixgroup.com/wp-content/themes/sutrix_group/images/icon-solution.jpg]
[sutrixgroup.com/wp-content/themes/sutrix_group/images/icon-arrow-down-gray.png]
[sutrixgroup.com/wp-content/themes/sutrix_group/images/shadow-manager.png]
[sutrixgroup.com/wp-content/themes/sutrix_group/images/bgd-management-m.jpg]
[sutrixgroup.com/wp-content/themes/sutrix_group/images/icon-back.png]
[sutrixgroup.com/wp-content/themes/sutrix_group/images/icon-back-solutions.png]
[sutrixgroup.com/wp-content/themes/sutrix_group/images/icon-back-consulting.png]
[sutrixgroup.com/wp-content/themes/sutrix_group/images/bgd-talk-to-us-green.png]
[sutrixgroup.com/wp-content/themes/sutrix_group/images/bgd-talk-to-us-orange.png]
[sutrixgroup.com/wp-content/themes/sutrix_group/css/style.css]
[sutrixgroup.com/wp-content/themes/sutrix_group/css/print.css]
[sutrixgroup.com/wp-content/plugins/really-simple-captcha/tmp/1361467875.png]
[sutrixgroup.com/consulting.html]
[sutrixgroup.com/fr/wp-json/oembed/1.0/embed2282.json]
[sutrixgroup.com/ja/wp-json/oembed/1.0/embede4b5.json]
[sutrixgroup.com/wp-content/themes/sutrix_group/css/lang-jp.css]
[gmpg.org/xfn/default.css]
[sutrixgroup.com/index88b9.html]
[sutrixgroup.com/fr/index261b.html]
[sutrixgroup.com/fr/index78d6.html]
[sutrixgroup.com/ja/indexbbbf.html]
[sutrixgroup.com/ja/indexf45e.html]
[gmpg.org/xfn/pix/intro/five-met.gif]
[gmpg.org/xfn/join.html]
[gmpg.org/xfn/pix/intro/five-acqfr.gif]
[gmpg.org/xfn/creator-fr.html]
[gmpg.org/xfn/xfn-mini.gif]
[gmpg.org/xfn/pix/mememememe.png]
[gmpg.org/xfn/and/foaf.html]
[gmpg.org/xfn/count.css]
[www.metafilter.com/xfn.html]
[sutrixgroup.com/wp-content/themes/sutrix_group/fonts/RalewayBold.html]
[sutrixgroup.com/wp-content/themes/sutrix_group/fonts/RalewayBold-2.html]
[sutrixgroup.com/wp-content/themes/sutrix_group/fonts/RalewayMedium.html]
[sutrixgroup.com/wp-content/themes/sutrix_group/fonts/RalewayMedium-2.html]
[sutrixgroup.com/wp-content/themes/sutrix_group/fonts/RalewayRegular.html]
[sutrixgroup.com/wp-content/themes/sutrix_group/fonts/RalewayRegular-2.html]
[sutrixgroup.com/wp-content/themes/sutrix_group/fonts/RalewaySemiBold.html]
[sutrixgroup.com/wp-content/themes/sutrix_group/fonts/RalewaySemiBold-2.html]
